Traceback (most recent call last):
  File "/opt/miniconda3/lib/python3.12/site-packages/jupyter_cache/executors/utils.py", line 58, in single_nb_execution
    executenb(
  File "/opt/miniconda3/lib/python3.12/site-packages/nbclient/client.py", line 1319, in execute
    return NotebookClient(nb=nb, resources=resources, km=km, **kwargs).execute()
           ^^^^^^^^^^^^^^^^^^^^^^^^^^^^^^^^^^^^^^^^^^^^^^^^^^^^^^^^^^^^^^^^^^^^^
  File "/opt/miniconda3/lib/python3.12/site-packages/jupyter_core/utils/__init__.py", line 165, in wrapped
    return loop.run_until_complete(inner)
           ^^^^^^^^^^^^^^^^^^^^^^^^^^^^^^
  File "/opt/miniconda3/lib/python3.12/asyncio/base_events.py", line 685, in run_until_complete
    return future.result()
           ^^^^^^^^^^^^^^^
  File "/opt/miniconda3/lib/python3.12/site-packages/nbclient/client.py", line 709, in async_execute
    await self.async_execute_cell(
  File "/opt/miniconda3/lib/python3.12/site-packages/nbclient/client.py", line 1062, in async_execute_cell
    await self._check_raise_for_error(cell, cell_index, exec_reply)
  File "/opt/miniconda3/lib/python3.12/site-packages/nbclient/client.py", line 918, in _check_raise_for_error
    raise CellExecutionError.from_cell_and_msg(cell, exec_reply_content)
nbclient.exceptions.CellExecutionError: An error occurred while executing the following cell:
------------------
import numpy as np

d1 = data_1.dropna()
d2 = data_2.dropna()

# --- Option A: Cohen's d (use after an independent t-test) ---
pooled_std = np.sqrt((d1.std(ddof=1)**2 + d2.std(ddof=1)**2) / 2)
cohens_d = (d1.mean() - d2.mean()) / pooled_std
print(f"Cohen's d = {abs(cohens_d):.3f}") # Print the absolute value of Cohen's d

# --- Option B: Rank-biserial correlation (use after Mann-Whitney U) ---
# u_stat, _ = stats.mannwhitneyu(d1, d2, alternative='two-sided')
# r_mwu = 1 - (2 * u_stat) / (len(d1) * len(d2))
# print(f"Rank-biserial r (Mann-Whitney U) = {r_mwu:.3f}")

# --- Option C: Rank-biserial correlation (use after Wilcoxon signed-rank) ---
# w_stat, _ = stats.wilcoxon(d1, d2)
# n = len(d1)
# r_wilcoxon = 1 - (4 * w_stat) / (n * (n + 1))
# print(f"Rank-biserial r (Wilcoxon) = {r_wilcoxon:.3f}")
------------------


[31m---------------------------------------------------------------------------[39m
[31mAttributeError[39m                            Traceback (most recent call last)
[36mCell[39m[36m [39m[32mIn[6][39m[32m, line 3[39m
[32m      1[39m [38;5;28;01mimport[39;00m[38;5;250m [39m[34;01mnumpy[39;00m[38;5;250m [39m[38;5;28;01mas[39;00m[38;5;250m [39m[34;01mnp[39;00m
[32m----> [39m[32m3[39m d1 = [43mdata_1[49m[43m.[49m[43mdropna[49m()
[32m      4[39m d2 = data_2.dropna()
[32m      6[39m [38;5;66;03m# --- Option A: Cohen's d (use after an independent t-test) ---[39;00m

[31mAttributeError[39m: 'list' object has no attribute 'dropna'

